[www.cvent.com/en/blog/hospitality/best-hotel-website-design.html]
[cdn.cookielaw.org/scripttemplates/otSDKStub.js]
[backblue.gif]
[fade.gif]
[index.html]
[www.cvent.com/themes/custom/themekit/css/fonts.css]
[assets.adobedtm.com/f7740e1036fc/4cf0f823d8af/launch-625595ac1b15.min.js]
[hello.cvent.com/js/forms2/js/forms2.min.js]
[www.google.com/recaptcha/api.js]
[www.cvent.com/themes/custom/themekit/images/favicon/apple-touch-icon.png]
[www.cvent.com/themes/custom/themekit/images/favicon/favicon-32x32.png]
[www.cvent.com/themes/custom/themekit/images/favicon/favicon-16x16.png]
[www.cvent.com/sites/default/files/css/css_sPfiKUwOGfKcYzc0xspu7qeAQa9Tjs9hIzJurrF9Kgs.css]
[www.cvent.com/sites/default/files/css/css_2SoPwuHu9Bm14y-MbaRlN1mo2M5lDlxjm5nNKh2d9MA.css]
[www.cvent.com/sites/default/files/js/js_oBA4lBLTk9y5ar__lfKB5LuqICVvgV4G5b7szW8WC-8.js]
[cdn.bizible.com/scripts/bizible.js]
[cdn.optimizely.com/js/96642877.js]
[www.cvent.com/sites/default/files/js/js_2KlXA4Z5El1IQFVPxDN1aX5mIoMSFWGv3vwsP77K9yk.js]
[www.cvent.com/en/blog/hospitality/hotel-photography-ideas.html]
[www.cvent.com/en/blog/hospitality/hotel-video-marketing.html]
[www.cvent.com/en/blog/hospitality/hotel-content-marketing.html]
[www.cvent.com/en/blog/hospitality/hotel-chatbots.html]
[www.cvent.com/en/blog/hospitality/technical-seo-hotels.html]
[www.cvent.com/en/blog/hospitality/hotel-website-conversions.html]
[www.cvent.com/en/blog/hospitality/venue-marketing-ideas.html]
[www.cvent.com/en/blog/hospitality/language-of-luxury.html]
[www.cvent.com/en/blog/hospitality/havent-learned-market-conference-center.html]
[www.cvent.com/en/blog/hospitality/successful-hotel-professionals-every-morning.html]
[www.cvent.com/sites/default/files/js/js_e89pqeWaJHFrpztOX38msSc-9_3lV55MI7VgpkEFgf4.js]
[static.addtoany.com/menu/page.js]
[app.cdn.lookbookhq.com/libraries/overlay/overlay.js]
[www.cvent.com/sites/default/files/js/js_7FMb-QUDs7QJlSz5mOUJOrV7x-MTGOD-V32hEZZtq-g.js]
[www.cvent.com/sites/default/files/js/js_vWd6_JYbxkKTqYeZ4QOuJagc34nazcFonVwJHafe_q8.js]
[www.cvent.com/modules/custom/cvent_custom_scripts/js/marketo-rtpe941.js]
[www.cvent.com/modules/custom/cvent_custom_scripts/js/pathfactoryc967.js]
[www.cvent.com/sites/default/files/js/js_g1TA4PMNsz824kXEGdMBLlhLtOaJNtPkdUslZhINn4c.js]
[www.cvent.com/en/blog/hospitality/best-hotel-website-design.html]
[assets.adobedtm.com/f7740e1036fc/4cf0f823d8af/launch-625595ac1b15.min.js]
[www.cvent.com/themes/custom/themekit/css/fonts.css]
[app.cdn.lookbookhq.com/libraries/overlay/overlay.css]
[hello.cvent.com/js/forms2/js/forms2.min.js]
[www.cvent.com/core/themes/stable/images/core/throbber-active.gif]
[www.cvent.com/core/themes/stable/images/core/loading-small.gif]
[www.cvent.com/core/themes/stable/images/core/throbber-inactive.png]
[www.cvent.com/core/themes/stable/images/core/tree.png]
[www.cvent.com/core/themes/stable/images/core/tree-bottom.png]
[www.cvent.com/sites/default/files/css/css_sPfiKUwOGfKcYzc0xspu7qeAQa9Tjs9hIzJurrF9Kgs.css]
[www.cvent.com/core/misc/menu-expanded.png]
[www.cvent.com/core/misc/help.png]
[www.cvent.com/core/misc/menu-collapsed.png]
[www.cvent.com/core/misc/menu-collapsed-rtl.png]
[www.cvent.com/themes/custom/themekit/images/logo-white.png]
[www.cvent.com/themes/custom/themekit/images/nav-sprite-icon.png]
[www.cvent.com/themes/custom/themekit/images/gif-loader.gif]
[www.cvent.com/themes/custom/themekit/images/nav-sprite-icon-mob.png]
[www.cvent.com/sites/default/files/image/2022-03/emm-icon_0.png]
[www.cvent.com/sites/default/files/css/css_2SoPwuHu9Bm14y-MbaRlN1mo2M5lDlxjm5nNKh2d9MA.css]
[cdn.bizible.com/scripts/bizible.js]
[www.cvent.com/sites/default/files/css/css_m2lvwK4_foXj66lbOrmELE1KENtizH5iTi2qIQA436M.css]
[maxcdn.bootstrapcdn.com/font-awesome/4.6.0/css/font-awesome.min.css]
[www.cvent.com/sites/default/files/css/css_On_9GYuvFwXFl9mf3wrdXCddmL2z78NW8AiUzL9pMIk.css]
[www.cvent.com/en/blog/hospitality/marketing-venues-millennial-event-planners.html]
[www.cvent.com/en/blog/hospitality/four-hotel-brands-successfully-conquering-content-marketing.html]
[www.cvent.com/en/blog/hospitality/14-social-media-post-ideas-marketing-hotels-online.html]
[www.cvent.com/en/blog/hospitality/hotel-photography-ideas.html]
[www.cvent.com/en/blog/hospitality/print-ads-still-relevant-hotel-marketing.html]
[www.cvent.com/sites/default/files/css/css_LUnRQAMg33UsEvF2d36ynPYMmVaNvAD-T7RzzX1By_8.css]
[www.cvent.com/en/blog/hospitality/hotel-virtual-tours.html]
[www.cvent.com/en/blog/hospitality/hotel-amenity-ideas.html]
[www.cvent.com/en/blog/hospitality/hotel-email-marketing.html]
[www.cvent.com/en/blog/hospitality/hotel-video-marketing.html]
[www.cvent.com/en/blog/hospitality/hotel-video-tips.html]
[www.cvent.com/en/blog/hospitality/safe-meetings-events.html]
[www.cvent.com/en/blog/hospitality/how-to-work-remotely.html]
[www.cvent.com/en/blog/hospitality/better-seo-get-referral-links.html]
[www.cvent.com/en/blog/hospitality/getting-found-optimize-content-to-reach-planners-online.html]
[www.cvent.com/en/blog/hospitality/hybrid-events.html]
[www.cvent.com/en/blog/hospitality/smart-ways-encourage-guests-reviews.html]
[www.cvent.com/en/blog/hospitality/3-ways-stay-top-mind-planners-after-event.html]
[www.cvent.com/en/blog/hospitality/personalized-hotel-marketing.html]
[www.cvent.com/en/blog/hospitality/hotel-blog-ideas.html]
[www.cvent.com/en/blog/hospitality/hospitality-goes-high-tech-hotel-robots.html]
[www.cvent.com/en/blog/hospitality/hotel-content-marketing.html]
[www.cvent.com/en/blog/hospitality/hotel-marketing-guide.html]
[www.cvent.com/sites/default/files/css/css_Bfl0mes-rHWA-Bi0ZGxkYDBk6Apd8OeeFRrx9qZbQ6k.css]
[www.cvent.com/en/blog/hospitality/hotel-digital-transformation.html]
[www.cvent.com/en/blog/hospitality/looking-attract-more-customers-get-data-savvy.html]
[www.cvent.com/en/blog/hospitality/hotel-marketing-strategy.html]
[www.cvent.com/en/blog/hospitality/sales-strategy-decision-makers.html]
[www.cvent.com/en/blog/hospitality/hotel-chatbots.html]
[www.cvent.com/en/blog/hospitality/smart-hotels.html]
[www.cvent.com/en/blog/hospitality/grow-event-group-business-5-simple-strategies.html]
[www.cvent.com/en/blog/hospitality/linkedin-marketing-hotels.html]
[www.cvent.com/en/blog/hospitality/now-what-how-to-prioritize-group-leads-after-you-get-the-rfp.html]
[www.cvent.com/en/blog/hospitality/technical-seo-hotels.html]
[www.cvent.com/en/blog/hospitality/6-tips-calls-action.html]
[www.cvent.com/en/blog/hospitality/4-strategies-hotel-social-media-advertising.html]
[www.cvent.com/en/blog/hospitality/influences-planners-hotel-reviews.html]
[www.cvent.com/en/blog/hospitality/hotel-email-newsletter.html]
[www.cvent.com/en/blog/hospitality/hotel-website-conversions.html]
[www.cvent.com/en/blog/hospitality/hotel-marketing-taglines-resonate.html]
[www.cvent.com/en/blog/hospitality/hotel-swot-analysis.html]
[www.cvent.com/en/blog/hospitality/venue-marketing-ideas.html]
[www.cvent.com/en/blog/hospitality/language-of-luxury.html]
[www.cvent.com/en/blog/hospitality/identify-customer-pain-points.html]
[www.cvent.com/en/blog/hospitality/hotels-pay-special-attention-pinterest.html]
[www.cvent.com/en/blog/hospitality/havent-learned-market-conference-center.html]
[www.cvent.com/en/blog/hospitality/chatbots-improve-meetings-events.html]
[www.cvent.com/en/blog/hospitality/day-life-hotel-gm-vs-ceo.html]
[www.cvent.com/en/blog/hospitality/secrets-filling-rooms-slow-periods.html]
[www.cvent.com/en/blog/hospitality/successful-hotel-professionals-every-morning.html]
[www.cvent.com/en/blog/hospitality/Redirection=false;domain=.cvent.com;path=/index.html]
[www.cvent.com/en/blog/hospitality/marketing/index.html]
[www.cvent.com/en/blog/hospitality/index.html]
[www.cvent.com/en/blog/hospitality/ABCDEFGHIJKLMNOPQRSTUVWXYZabcdefghijklmnopqrstuvwxyz0123456789+/index.html]
[www.cvent.com/en/blog/hospitality/jquery.build.html]
[www.cvent.com/en/blog/hospitality/jquery.html]
[www.cvent.com/en/blog/hospitality/comparators.html]
[www.cvent.com/en/blog/hospitality/fields/fieldhelpers.html]
[www.cvent.com/en/blog/jquery.html]
[www.cvent.com/en/blog/hospitality/fieldHelpers.html]
[www.cvent.com/en/blog/hospitality/measure.html]
[www.cvent.com/en/blog/hospitality/yepnope.html]
[www.cvent.com/en/blog/hospitality/fields/fieldHelpers-2.html]
[www.cvent.com/en/blog/hospitality/modernizr.html]
[www.cvent.com/en/blog/hospitality/xdc.html]
[www.cvent.com/sites/default/files/css/css_m2lvwK4_foXj66lbOrmELE1KENtizH5iTi2qIQA436M.css]
[maxcdn.bootstrapcdn.com/font-awesome/4.6.0/css/font-awesome.min.css]
[www.cvent.com/sites/default/files/css/css_On_9GYuvFwXFl9mf3wrdXCddmL2z78NW8AiUzL9pMIk.css]
[www.cvent.com/en/blog/hospitality/5-ways-incorporate-wellness-create-mindful-meetings.html]
[www.cvent.com/sites/default/files/css/css_eVnDkh8HRnOKAJvtR75PpSQ1Jnt66F8tMuClwf40J60.css]
[www.cvent.com/en/blog/hospitality/top-5-nontraditional-hotel-marketing-stunts.html]
[www.cvent.com/en/blog/hospitality/make-hotel-brochures-irresistible.html]
[www.cvent.com/en/blog/hospitality/new-hotel-technology-2019-beyond.html]
[www.cvent.com/en/blog/hospitality/marketing-venues-millennial-event-planners.html]
[www.cvent.com/en/blog/hospitality/generation-z-planners-how-connect-them.html]
